// Jest Snapshot v1, https://goo.gl/fbAQLP

exports[`metricFindQuery Collection Collection 1`] = `
[
  {
    "text": "A",
    "value": "B",
  },
  {
    "text": "C",
    "value": "D",
  },
]
`;

exports[`metricFindQuery CollectionLookup CollectionLookup 1`] = `
[
  {
    "text": "nonprod-server",
    "value": "nonprod-server",
  },
]
`;

exports[`metricFindQuery CollectionLookup CollectionLookup 2`] = `
[
  {
    "text": "c",
    "value": "c",
  },
]
`;

exports[`metricFindQuery CollectionLookup CollectionLookup 3`] = `[]`;
